          |----5
     |----/
          |----x
|-----
               |----7
          |----*
               |----x
     |----*
          |----y
-----------------------------------------------------------------------------------------
                    |----0
               |----*
                    |----x
          |-----
                    |----5
               |----*
                    |----1
     |----/
          |---sq
               |----x
|-----
                         |----0
                    |----*
                         |----x
               |----+
                         |----7
                    |----*
                         |----1
          |----*
               |----y
     |----+
                    |----7
               |----*
                    |----x
          |----*
               |----0
